------------------------------------------------------------
Timing Analyzer Summary
------------------------------------------------------------

Type  : Slow 1200mV 85C Model Setup 'm4_hsync'
Slack : -3.225
TNS   : -73.380

Type  : Slow 1200mV 85C Model Setup 'inst|altpll_component|auto_generated|pll1|clk[0]'
Slack : -1.707
TNS   : -3.329

Type  : Slow 1200mV 85C Model Setup 'external_clock'
Slack : 19.114
TNS   : 0.000

Type  : Slow 1200mV 85C Model Hold 'inst|altpll_component|auto_generated|pll1|clk[0]'
Slack : 0.452
TNS   : 0.000

Type  : Slow 1200mV 85C Model Hold 'external_clock'
Slack : 0.497
TNS   : 0.000

Type  : Slow 1200mV 85C Model Hold 'm4_hsync'
Slack : 0.497
TNS   : 0.000

Type  : Slow 1200mV 85C Model Minimum Pulse Width 'm4_hsync'
Slack : -3.000
TNS   : -98.168

Type  : Slow 1200mV 85C Model Minimum Pulse Width 'm4_video'
Slack : -3.000
TNS   : -3.000

Type  : Slow 1200mV 85C Model Minimum Pulse Width 'external_clock'
Slack : 9.689
TNS   : 0.000

Type  : Slow 1200mV 85C Model Minimum Pulse Width 'inst|altpll_component|auto_generated|pll1|clk[0]'
Slack : 19.590
TNS   : 0.000

Type  : Slow 1200mV 0C Model Setup 'm4_hsync'
Slack : -2.776
TNS   : -61.514

Type  : Slow 1200mV 0C Model Setup 'inst|altpll_component|auto_generated|pll1|clk[0]'
Slack : -1.605
TNS   : -3.119

Type  : Slow 1200mV 0C Model Setup 'external_clock'
Slack : 19.208
TNS   : 0.000

Type  : Slow 1200mV 0C Model Hold 'inst|altpll_component|auto_generated|pll1|clk[0]'
Slack : 0.401
TNS   : 0.000

Type  : Slow 1200mV 0C Model Hold 'external_clock'
Slack : 0.445
TNS   : 0.000

Type  : Slow 1200mV 0C Model Hold 'm4_hsync'
Slack : 0.447
TNS   : 0.000

Type  : Slow 1200mV 0C Model Minimum Pulse Width 'm4_hsync'
Slack : -3.000
TNS   : -98.168

Type  : Slow 1200mV 0C Model Minimum Pulse Width 'm4_video'
Slack : -3.000
TNS   : -3.000

Type  : Slow 1200mV 0C Model Minimum Pulse Width 'external_clock'
Slack : 9.673
TNS   : 0.000

Type  : Slow 1200mV 0C Model Minimum Pulse Width 'inst|altpll_component|auto_generated|pll1|clk[0]'
Slack : 19.597
TNS   : 0.000

Type  : Fast 1200mV 0C Model Setup 'inst|altpll_component|auto_generated|pll1|clk[0]'
Slack : -1.328
TNS   : -2.649

Type  : Fast 1200mV 0C Model Setup 'm4_hsync'
Slack : -0.866
TNS   : -11.234

Type  : Fast 1200mV 0C Model Setup 'external_clock'
Slack : 19.626
TNS   : 0.000

Type  : Fast 1200mV 0C Model Hold 'inst|altpll_component|auto_generated|pll1|clk[0]'
Slack : 0.187
TNS   : 0.000

Type  : Fast 1200mV 0C Model Hold 'm4_hsync'
Slack : 0.206
TNS   : 0.000

Type  : Fast 1200mV 0C Model Hold 'external_clock'
Slack : 0.208
TNS   : 0.000

Type  : Fast 1200mV 0C Model Minimum Pulse Width 'm4_hsync'
Slack : -3.000
TNS   : -92.981

Type  : Fast 1200mV 0C Model Minimum Pulse Width 'm4_video'
Slack : -3.000
TNS   : -3.000

Type  : Fast 1200mV 0C Model Minimum Pulse Width 'external_clock'
Slack : 9.273
TNS   : 0.000

Type  : Fast 1200mV 0C Model Minimum Pulse Width 'inst|altpll_component|auto_generated|pll1|clk[0]'
Slack : 19.605
TNS   : 0.000

------------------------------------------------------------
