------------------------------------------------------------
Timing Analyzer Summary
------------------------------------------------------------

Type  : Slow 1200mV 85C Model Setup 'm4_hsync'
Slack : -3.225
TNS   : -72.821

Type  : Slow 1200mV 85C Model Setup 'inst19|altpll_component|auto_generated|pll1|clk[0]'
Slack : -1.951
TNS   : -3.879

Type  : Slow 1200mV 85C Model Setup 'inst'
Slack : 11.322
TNS   : 0.000

Type  : Slow 1200mV 85C Model Setup 'external_clock'
Slack : 19.104
TNS   : 0.000

Type  : Slow 1200mV 85C Model Hold 'inst19|altpll_component|auto_generated|pll1|clk[0]'
Slack : 0.366
TNS   : 0.000

Type  : Slow 1200mV 85C Model Hold 'external_clock'
Slack : 0.487
TNS   : 0.000

Type  : Slow 1200mV 85C Model Hold 'm4_hsync'
Slack : 0.497
TNS   : 0.000

Type  : Slow 1200mV 85C Model Hold 'inst'
Slack : 0.499
TNS   : 0.000

Type  : Slow 1200mV 85C Model Minimum Pulse Width 'm4_hsync'
Slack : -3.000
TNS   : -98.168

Type  : Slow 1200mV 85C Model Minimum Pulse Width 'm4_video'
Slack : -3.000
TNS   : -3.000

Type  : Slow 1200mV 85C Model Minimum Pulse Width 'inst19|altpll_component|auto_generated|pll1|clk[0]'
Slack : 0.017
TNS   : 0.000

Type  : Slow 1200mV 85C Model Minimum Pulse Width 'external_clock'
Slack : 9.698
TNS   : 0.000

Type  : Slow 1200mV 85C Model Minimum Pulse Width 'inst'
Slack : 19.693
TNS   : 0.000

Type  : Slow 1200mV 85C Model Minimum Pulse Width 'inst12|altpll_component|auto_generated|pll1|clk[0]'
Slack : 80.095
TNS   : 0.000

Type  : Slow 1200mV 0C Model Setup 'm4_hsync'
Slack : -2.776
TNS   : -60.785

Type  : Slow 1200mV 0C Model Setup 'inst19|altpll_component|auto_generated|pll1|clk[0]'
Slack : -2.249
TNS   : -4.462

Type  : Slow 1200mV 0C Model Setup 'inst'
Slack : 11.744
TNS   : 0.000

Type  : Slow 1200mV 0C Model Setup 'external_clock'
Slack : 19.198
TNS   : 0.000

Type  : Slow 1200mV 0C Model Hold 'inst19|altpll_component|auto_generated|pll1|clk[0]'
Slack : 0.400
TNS   : 0.000

Type  : Slow 1200mV 0C Model Hold 'external_clock'
Slack : 0.435
TNS   : 0.000

Type  : Slow 1200mV 0C Model Hold 'm4_hsync'
Slack : 0.447
TNS   : 0.000

Type  : Slow 1200mV 0C Model Hold 'inst'
Slack : 0.469
TNS   : 0.000

Type  : Slow 1200mV 0C Model Minimum Pulse Width 'm4_hsync'
Slack : -3.000
TNS   : -98.168

Type  : Slow 1200mV 0C Model Minimum Pulse Width 'm4_video'
Slack : -3.000
TNS   : -3.000

Type  : Slow 1200mV 0C Model Minimum Pulse Width 'inst19|altpll_component|auto_generated|pll1|clk[0]'
Slack : 0.017
TNS   : 0.000

Type  : Slow 1200mV 0C Model Minimum Pulse Width 'external_clock'
Slack : 9.679
TNS   : 0.000

Type  : Slow 1200mV 0C Model Minimum Pulse Width 'inst'
Slack : 19.724
TNS   : 0.000

Type  : Slow 1200mV 0C Model Minimum Pulse Width 'inst12|altpll_component|auto_generated|pll1|clk[0]'
Slack : 80.093
TNS   : 0.000

Type  : Fast 1200mV 0C Model Setup 'inst19|altpll_component|auto_generated|pll1|clk[0]'
Slack : -1.661
TNS   : -3.287

Type  : Fast 1200mV 0C Model Setup 'm4_hsync'
Slack : -0.866
TNS   : -11.234

Type  : Fast 1200mV 0C Model Setup 'inst'
Slack : 16.021
TNS   : 0.000

Type  : Fast 1200mV 0C Model Setup 'external_clock'
Slack : 19.616
TNS   : 0.000

Type  : Fast 1200mV 0C Model Hold 'inst19|altpll_component|auto_generated|pll1|clk[0]'
Slack : -0.088
TNS   : -0.147

Type  : Fast 1200mV 0C Model Hold 'inst'
Slack : 0.193
TNS   : 0.000

Type  : Fast 1200mV 0C Model Hold 'external_clock'
Slack : 0.198
TNS   : 0.000

Type  : Fast 1200mV 0C Model Hold 'm4_hsync'
Slack : 0.206
TNS   : 0.000

Type  : Fast 1200mV 0C Model Minimum Pulse Width 'm4_hsync'
Slack : -3.000
TNS   : -92.909

Type  : Fast 1200mV 0C Model Minimum Pulse Width 'm4_video'
Slack : -3.000
TNS   : -3.000

Type  : Fast 1200mV 0C Model Minimum Pulse Width 'inst19|altpll_component|auto_generated|pll1|clk[0]'
Slack : 0.504
TNS   : 0.000

Type  : Fast 1200mV 0C Model Minimum Pulse Width 'external_clock'
Slack : 9.281
TNS   : 0.000

Type  : Fast 1200mV 0C Model Minimum Pulse Width 'inst'
Slack : 19.709
TNS   : 0.000

Type  : Fast 1200mV 0C Model Minimum Pulse Width 'inst12|altpll_component|auto_generated|pll1|clk[0]'
Slack : 80.101
TNS   : 0.000

------------------------------------------------------------
